...............................                                          [100%]
31 passed in 8.46s
