.................                                                        [100%]
=============================== warnings summary ===============================
tests/butler_pc_core/sidecar/routes/test_helper1_search.py::test_search_sdk_absent_returns_contract_only
  /Users/kimsunghoon/Desktop/butler/tristan050-card5-optD/butler_sidecar.py:268: DeprecationWarning: 
          on_event is deprecated, use lifespan event handlers instead.
  
          Read more about it in the
          [FastAPI docs for Lifespan Events](https://fastapi.tiangolo.com/advanced/events/).
          
    @app.on_event("startup")

tests/butler_pc_core/sidecar/routes/test_helper1_search.py::test_search_sdk_absent_returns_contract_only
tests/butler_pc_core/sidecar/routes/test_helper1_search.py::test_search_sdk_absent_returns_contract_only
tests/butler_pc_core/sidecar/routes/test_helper1_search.py::test_search_sdk_absent_returns_contract_only
  /Users/kimsunghoon/Library/Python/3.9/lib/python/site-packages/fastapi/applications.py:4579: DeprecationWarning: 
          on_event is deprecated, use lifespan event handlers instead.
  
          Read more about it in the
          [FastAPI docs for Lifespan Events](https://fastapi.tiangolo.com/advanced/events/).
          
    return self.router.on_event(event_type)

tests/butler_pc_core/sidecar/routes/test_helper1_search.py::test_search_sdk_absent_returns_contract_only
  /Users/kimsunghoon/Desktop/butler/tristan050-card5-optD/butler_sidecar.py:272: DeprecationWarning: 
          on_event is deprecated, use lifespan event handlers instead.
  
          Read more about it in the
          [FastAPI docs for Lifespan Events](https://fastapi.tiangolo.com/advanced/events/).
          
    @app.on_event("shutdown")

tests/butler_pc_core/sidecar/routes/test_helper1_search.py::test_search_sdk_absent_returns_contract_only
  /Users/kimsunghoon/Desktop/butler/tristan050-card5-optD/butler_sidecar.py:327: DeprecationWarning: 
          on_event is deprecated, use lifespan event handlers instead.
  
          Read more about it in the
          [FastAPI docs for Lifespan Events](https://fastapi.tiangolo.com/advanced/events/).
          
    @app.on_event("startup")

tests/test_helper1_sidecar_integration.py::test_helper1_search_post_200
  /Users/kimsunghoon/Library/Python/3.9/lib/python/site-packages/urllib3/__init__.py:35: NotOpenSSLWarning: urllib3 v2 only supports OpenSSL 1.1.1+, currently the 'ssl' module is compiled with 'LibreSSL 2.8.3'. See: https://github.com/urllib3/urllib3/issues/3020
    warnings.warn(

tests/test_helper1_sidecar_integration.py::test_helper1_search_post_200
  <frozen importlib._bootstrap>:228: DeprecationWarning: builtin type SwigPyPacked has no __module__ attribute

tests/test_helper1_sidecar_integration.py::test_helper1_search_post_200
  <frozen importlib._bootstrap>:228: DeprecationWarning: builtin type SwigPyObject has no __module__ attribute

-- Docs: https://docs.pytest.org/en/stable/how-to/capture-warnings.html
17 passed, 9 warnings in 2.46s
sys:1: DeprecationWarning: builtin type swigvarlink has no __module__ attribute
